// Jest Snapshot v1, https://goo.gl/fbAQLP

exports[`<Body Component Test /> should render basic Body Component with an image 1`] = `
<Body
  imageToShow={3}
  switchImage={[Function]}
>
  <div
    className="body"
  >
    <button
      className="button"
      onClick={[Function]}
      type="button"
    >
      <TransitionGroup
        childFactory={[Function]}
        className="animWrap"
        component="div"
      >
        <div
          className="animWrap"
        >
          <CSSTransition
            classNames="mainImage"
            in={true}
            key=".$3"
            onExited={[Function]}
            timeout={500}
          >
            <Transition
              appear={false}
              enter={true}
              exit={true}
              in={true}
              mountOnEnter={false}
              onEnter={[Function]}
              onEntered={[Function]}
              onEntering={[Function]}
              onExit={[Function]}
              onExited={[Function]}
              onExiting={[Function]}
              timeout={500}
              unmountOnExit={false}
            >
              <img
                alt="main_img"
                className="bodyImg"
                src="../assets/3.png"
              />
            </Transition>
          </CSSTransition>
        </div>
      </TransitionGroup>
    </button>
  </div>
</Body>
`;
